################################################################################
# ANA MENU
################################################################################

default 1
color white/dark-gray dark-gray/yellow
color heading=yellow/yellow
color border=14
color helptext=yellow/yellow
# graphicsmode -1 800 && echo && echo grafik moda geciliyor..
# font /joot/unifont.hex.gz

################################################################################
# MENU ELEMANLARI
################################################################################

#####################
title ------------------ Ana Menu ------------------
root
#####################

# ==============================================================================
title HDD'den Baslat
geometry (hd1) && checkrange 0x80 read 0x8280 && map (hd0) (hd1) && map (hd1) (hd0) && map --hook
rootnoverify (hd0)
chainloader +1
boot
# ==============================================================================

# ==============================================================================
title AcronisGhost
clear
echo $[0104] AcronisGhost 
echo
echo $[0104] Yukleniyor..
configfile /joot/AcronisGhost/AcronisGhost.lst.gz
# ==============================================================================

# ==============================================================================
title Araclar
clear
echo $[0104] Araclar 
echo
echo $[0104] Yukleniyor..
configfile /joot/Araclar/Araclar.lst.gz
# ==============================================================================

# ==============================================================================
title Nas
clear
echo $[0104] Nas 
echo
echo $[0104] Yukleniyor..
configfile /joot/Nas/Nas.lst.gz
# ==============================================================================

# ==============================================================================
title Linux
clear
echo $[0104] Linux 
echo
echo $[0104] Yukleniyor..
configfile /joot/Linux/Linux.lst.gz
# ==============================================================================

# ==============================================================================
title Live
clear
echo $[0104] Live 
echo
echo $[0104] Yukleniyor..
configfile /joot/Live/Live.lst.gz
# ==============================================================================


# ==============================================================================
title Windows
clear
echo $[0104] Windows 
echo
echo $[0104] Yukleniyor..
configfile /joot/Windows/Windows.lst.gz
# ==============================================================================
